\BOOKMARK [1][-]{Doc-Start}{\376\377\144\130\211\201}{}% 1
\BOOKMARK [1][-]{section.1}{\376\377\0001\000\040\225\356\230\230\221\315\217\360}{}% 2
\BOOKMARK [2][-]{subsection.1.1}{\376\377\0001\000.\0001\000\040\225\356\230\230\200\314\146\157}{section.1}% 3
\BOOKMARK [2][-]{subsection.1.2}{\376\377\0001\000.\0002\000\040\225\356\230\230\143\320\121\372}{section.1}% 4
\BOOKMARK [2][-]{subsection.1.3}{\376\377\0001\000.\0003\000\040\135\362\167\345\147\141\116\366}{section.1}% 5
\BOOKMARK [1][-]{section.2}{\376\377\0002\000\040\225\356\230\230\122\006\147\220}{}% 6
\BOOKMARK [2][-]{subsection.2.1}{\376\377\0002\000.\0001\000\040\121\340\117\125\116\016\226\115\176\364}{section.2}% 7
\BOOKMARK [2][-]{subsection.2.2}{\376\377\0002\000.\0002\000\040\123\330\221\317\133\232\116\111}{section.2}% 8
\BOOKMARK [2][-]{subsection.2.3}{\376\377\0002\000.\0003\000\040\142\200\147\057\215\357\176\277\060\001\126\333\225\356\220\022\217\333\116\016\152\041\127\213\122\006\134\102}{section.2}% 9
\BOOKMARK [2][-]{subsection.2.4}{\376\377\0002\000.\0004\000\040\147\054\145\207\166\204\122\033\145\260\160\271}{section.2}% 10
\BOOKMARK [1][-]{section.3}{\376\377\0003\000\040\152\041\127\213\120\107\213\276}{}% 11
\BOOKMARK [2][-]{subsection.3.1}{\376\377\0003\000.\0001\000\040\121\145\123\343\150\300\147\345\377\010\121\155\230\171\377\014\220\020\147\141\204\075\133\236\377\011}{section.3}% 12
\BOOKMARK [1][-]{section.4}{\376\377\0004\000\040\173\046\123\367\213\364\146\016}{}% 13
\BOOKMARK [1][-]{section.5}{\376\377\0005\000\040\145\160\143\156\131\004\164\006}{}% 14
\BOOKMARK [2][-]{subsection.5.1}{\376\377\0005\000.\0001\000\040\163\257\130\203\145\160\143\156\123\312\143\322\120\074}{section.5}% 15
\BOOKMARK [2][-]{subsection.5.2}{\376\377\0005\000.\0002\000\040\226\066\153\265\213\306\122\053}{section.5}% 16
\BOOKMARK [2][-]{subsection.5.3}{\376\377\0005\000.\0003\000\040\225\177\145\366\163\257\130\203\217\271\165\114\377\010\137\305\230\173\146\076\137\017\120\107\213\276\377\011}{section.5}% 17
\BOOKMARK [2][-]{subsection.5.4}{\376\377\0005\000.\0004\000\040\123\112\137\204\145\160\143\156}{section.5}% 18
\BOOKMARK [1][-]{section.6}{\376\377\0006\000\040\225\356\230\230\0001\377\032\230\204\160\355\136\163\210\141\226\066\153\265}{}% 19
\BOOKMARK [2][-]{subsection.6.1}{\376\377\0006\000.\0001\000\040\152\041\127\213\136\372\172\313}{section.6}% 20
\BOOKMARK [2][-]{subsection.6.2}{\376\377\0006\000.\0002\000\040\145\160\120\074\145\271\154\325}{section.6}% 21
\BOOKMARK [2][-]{subsection.6.3}{\376\377\0006\000.\0003\000\040\176\323\147\234}{section.6}% 22
\BOOKMARK [2][-]{subsection.6.4}{\376\377\0006\000.\0004\000\040\122\006\147\220\116\016\213\250\213\272}{section.6}% 23
\BOOKMARK [1][-]{section.7}{\376\377\0007\000\040\225\356\230\230\0002\377\032\145\164\116\052\160\330\136\162\217\307\172\013}{}% 24
\BOOKMARK [2][-]{subsection.7.1}{\376\377\0007\000.\0001\000\040\152\041\127\213\136\372\172\313}{section.7}% 25
\BOOKMARK [2][-]{subsection.7.2}{\376\377\0007\000.\0002\000\040\217\271\165\114\131\026\143\250\116\016\145\117\141\037\140\047}{section.7}% 26
\BOOKMARK [2][-]{subsection.7.3}{\376\377\0007\000.\0003\000\040\145\160\120\074\145\271\154\325}{section.7}% 27
\BOOKMARK [2][-]{subsection.7.4}{\376\377\0007\000.\0004\000\040\176\323\147\234}{section.7}% 28
\BOOKMARK [2][-]{subsection.7.5}{\376\377\0007\000.\0005\000\040\116\016\225\356\230\230\0001\000\040\166\204\135\356\137\002\122\006\147\220}{section.7}% 29
\BOOKMARK [2][-]{subsection.7.6}{\376\377\0007\000.\0006\000\040\162\171\137\201\145\366\225\364\116\016\162\151\140\047\121\154\137\017\166\204\133\232\221\317\153\324\217\203}{section.7}% 30
\BOOKMARK [2][-]{subsection.7.7}{\376\377\0007\000.\0007\000\040\133\214\145\164\217\307\172\013\166\204\162\151\164\006\147\054\215\050\377\032\140\122\156\051\136\162\161\345}{section.7}% 31
\BOOKMARK [1][-]{section.8}{\376\377\0008\000\040\225\356\230\230\0003\377\032\160\330\136\162\145\366\225\364\170\156\133\232}{}% 32
\BOOKMARK [2][-]{subsection.8.1}{\376\377\0008\000.\0001\000\040\122\044\143\156\133\232\116\111}{section.8}% 33
\BOOKMARK [2][-]{subsection.8.2}{\376\377\0008\000.\0002\000\040\154\102\211\343\173\126\165\145}{section.8}% 34
\BOOKMARK [2][-]{subsection.8.3}{\376\377\0008\000.\0003\000\040\176\323\147\234}{section.8}% 35
\BOOKMARK [2][-]{subsection.8.4}{\376\377\0008\000.\0004\000\040\122\006\147\220\116\016\213\250\213\272}{section.8}% 36
\BOOKMARK [2][-]{subsection.8.5}{\376\377\0008\000.\0005\000\040\174\276\136\246\123\343\137\204\130\360\146\016}{section.8}% 37
\BOOKMARK [1][-]{section.9}{\376\377\0009\000\040\225\356\230\230\0004\377\032\200\003\206\121\134\072\133\370\123\330\123\026}{}% 38
\BOOKMARK [2][-]{subsection.9.1}{\376\377\0009\000.\0001\000\040\152\041\127\213\136\372\172\313}{section.9}% 39
\BOOKMARK [2][-]{subsection.9.2}{\376\377\0009\000.\0002\000\040\145\160\120\074\145\271\154\325}{section.9}% 40
\BOOKMARK [2][-]{subsection.9.3}{\376\377\0009\000.\0003\000\040\176\323\147\234}{section.9}% 41
\BOOKMARK [2][-]{subsection.9.4}{\376\377\0009\000.\0004\000\040\122\006\147\220\116\016\213\250\213\272}{section.9}% 42
\BOOKMARK [1][-]{section.10}{\376\377\0001\0000\000\040\152\041\127\213\150\300\232\214}{}% 43
\BOOKMARK [2][-]{subsection.10.1}{\376\377\0001\0000\000.\0001\000\040\213\357\135\356\122\006\147\220\123\343\137\204\377\032\116\072\116\300\116\110\147\054\145\207\116\015\142\245\000\040\000R\000M\000S\000E\000\040\000/\000\040\000M\000A\000P\000E\000\040\000/\000\040\000R\0002}{section.10}% 44
\BOOKMARK [2][-]{subsection.10.2}{\376\377\0001\0000\000.\0002\000\040\211\343\147\220\127\372\121\306\377\010\000B\000e\000s\000s\000e\000l\000\040\176\247\145\160\377\011}{section.10}% 45
\BOOKMARK [2][-]{subsection.10.3}{\376\377\0001\0000\000.\0003\000\040\177\121\150\074\116\016\145\366\225\364\145\066\145\133\140\047}{section.10}% 46
\BOOKMARK [2][-]{subsection.10.4}{\376\377\0001\0000\000.\0004\000\040\000t\000*\000\040\166\204\213\357\135\356\116\011\122\006\221\317}{section.10}% 47
\BOOKMARK [2][-]{subsection.10.5}{\376\377\0001\0000\000.\0005\000\040\133\210\140\122\116\016\220\032\221\317\145\066\145\057}{section.10}% 48
\BOOKMARK [2][-]{subsection.10.6}{\376\377\0001\0000\000.\0006\000\040\116\224\230\171\220\000\123\026\116\016\116\000\201\364\140\047\150\300\232\214}{section.10}% 49
\BOOKMARK [2][-]{subsection.10.7}{\376\377\0001\0000\000.\0007\000\040\123\302\145\160\160\165\145\117\136\246\116\016\140\305\146\157\123\072\225\364}{section.10}% 50
\BOOKMARK [2][-]{subsection.10.8}{\376\377\0001\0000\000.\0008\000\040\172\063\120\145\140\047\150\300\232\214\377\032\122\040\145\160\143\156\000\040\000/\000\040\122\240\126\152\130\360\000\040\000/\000\040\143\142\173\227\154\325}{section.10}% 51
\BOOKMARK [2][-]{subsection.10.9}{\376\377\0001\0000\000.\0009\000\040\213\357\135\356\230\204\173\227\140\073\210\150}{section.10}% 52
\BOOKMARK [1][-]{section.11}{\376\377\0001\0001\000\040\152\041\127\213\145\071\217\333\116\016\143\250\136\177}{}% 53
\BOOKMARK [2][-]{subsection.11.1}{\376\377\0001\0001\000.\0001\000\040\204\270\123\321\157\134\160\355\133\371\161\147\377\010\000M\0001\377\014\147\141\116\366\140\047\142\151\134\125\377\011}{section.11}% 54
\BOOKMARK [2][-]{subsection.11.2}{\376\377\0001\0001\000.\0002\000\040\160\330\142\077\174\373\176\337\152\041\127\213\377\010\000M\0002\000\040\135\345\172\013\143\250\136\177\377\011}{section.11}% 55
\BOOKMARK [2][-]{subsection.11.3}{\376\377\0001\0001\000.\0003\000\040\124\301\215\050\124\016\131\004\164\006\377\010\000M\0002\000\040\143\250\136\177\377\011}{section.11}% 56
\BOOKMARK [2][-]{subsection.11.4}{\376\377\0001\0001\000.\0004\000\040\176\323\147\204\122\233\133\146\377\010\000M\0002\000\040\215\357\176\277\377\011}{section.11}% 57
\BOOKMARK [1][-]{section.12}{\376\377\0001\0002\000\040\152\041\127\213\117\030\177\072\160\271\116\016\123\326\202\015\213\272\213\301}{}% 58
\BOOKMARK [2][-]{subsection.12.1}{\376\377\0001\0002\000.\0001\000\040\117\030\160\271\116\016\177\072\160\271}{section.12}% 59
\BOOKMARK [2][-]{subsection.12.2}{\376\377\0001\0002\000.\0002\000\040\210\253\167\001\165\145\126\340\175\040\166\204\122\044\143\156\123\026\123\326\202\015}{section.12}% 60
\BOOKMARK [1][-]{section.13}{\376\377\0001\0003\000\040\176\323\213\272}{}% 61
\BOOKMARK [2][-]{subsection.13.1}{\376\377\0001\0003\000.\0001\000\040\126\333\225\356\173\124\150\110}{section.13}% 62
\BOOKMARK [2][-]{subsection.13.2}{\376\377\0001\0003\000.\0002\000\040\150\300\232\214\176\323\213\272\116\016\213\357\135\356\230\204\173\227}{section.13}% 63
\BOOKMARK [2][-]{subsection.13.3}{\376\377\0001\0003\000.\0003\000\040\160\165\145\117\136\246\116\016\172\063\120\145\140\047}{section.13}% 64
\BOOKMARK [2][-]{subsection.13.4}{\376\377\0001\0003\000.\0004\000\040\152\041\127\213\134\100\226\120\116\016\143\250\136\177}{section.13}% 65
\BOOKMARK [1][-]{subsection.13.4}{\376\377\000A\000I\000\040\135\345\121\167\117\177\165\050\130\360\146\016}{}% 66
\BOOKMARK [1][-]{Item.39}{\376\377\123\302\200\003\145\207\163\056}{}% 67
\BOOKMARK [1][-]{appendix.A}{\376\377\000A\000\040\145\057\144\221\147\120\145\231\145\207\116\366\122\027\210\150}{}% 68
\BOOKMARK [1][-]{appendix.B}{\376\377\000B\000\040\150\070\137\303\173\227\154\325\117\052\116\343\170\001\116\016\156\220\170\001\175\042\137\025}{}% 69
\BOOKMARK [1][-]{appendix.C}{\376\377\000C\000\040\176\323\147\234\145\207\116\366\213\364\146\016}{}% 70
\BOOKMARK [1][-]{appendix.D}{\376\377\000D\000\040\126\376\210\150\156\005\123\125}{}% 71
\BOOKMARK [1][-]{appendix.E}{\376\377\000E\000\040\145\207\163\056\150\070\232\214\213\364\146\016}{}% 72
